// Jest Snapshot v1, https://goo.gl/fbAQLP

exports[`Base Component matches snapshot 1`] = `
<div
  className="MuiAvatar-root MuiAvatar-square makeStyles-avatar-1 DNA-G MuiAvatar-colorDefault"
  id={4}
>
  G
</div>
`;
